Using pre-set license
Built from '2021.3/staging' branch; Version is '2021.3.16f1 (4016570cf34f) revision 4200023'; Using compiler version '192829333'; Build Type 'Release'
OS: 'Windows 10  (10.0.19045) 64bit Core' Language: 'en' Physical Memory: 32540 MB
BatchMode: 1, IsHumanControllingUs: 0, StartBugReporterOnCrash: 0, Is64bit: 1, IsPro: 1

COMMAND LINE ARGUMENTS:
C:\Program Files\Unity\Hub\Editor\2021.3.16f1\Editor\Unity.exe
-adb2
-batchMode
-noUpm
-name
AssetImportWorker2
-projectPath
D:/ty_ha/Documents/Unity Projects/ImageReplication/ImageReplicator
-logFile
Logs/AssetImportWorker2.log
-srvPort
50108
Successfully changed project path to: D:/ty_ha/Documents/Unity Projects/ImageReplication/ImageReplicator
D:/ty_ha/Documents/Unity Projects/ImageReplication/ImageReplicator
[UnityMemory] Configuration Parameters - Can be set up in boot.config
    "memorysetup-bucket-allocator-granularity=16"
    "memorysetup-bucket-allocator-bucket-count=8"
    "memorysetup-bucket-allocator-block-size=33554432"
    "memorysetup-bucket-allocator-block-count=8"
    "memorysetup-main-allocator-block-size=16777216"
    "memorysetup-thread-allocator-block-size=16777216"
    "memorysetup-gfx-main-allocator-block-size=16777216"
    "memorysetup-gfx-thread-allocator-block-size=16777216"
    "memorysetup-cache-allocator-block-size=4194304"
    "memorysetup-typetree-allocator-block-size=2097152"
    "memorysetup-profiler-bucket-allocator-granularity=16"
    "memorysetup-profiler-bucket-allocator-bucket-count=8"
    "memorysetup-profiler-bucket-allocator-block-size=33554432"
    "memorysetup-profiler-bucket-allocator-block-count=8"
    "memorysetup-profiler-allocator-block-size=16777216"
    "memorysetup-profiler-editor-allocator-block-size=1048576"
    "memorysetup-temp-allocator-size-main=16777216"
    "memorysetup-job-temp-allocator-block-size=2097152"
    "memorysetup-job-temp-allocator-block-size-background=1048576"
    "memorysetup-job-temp-allocator-reduction-small-platforms=262144"
    "memorysetup-temp-allocator-size-background-worker=32768"
    "memorysetup-temp-allocator-size-job-worker=262144"
    "memorysetup-temp-allocator-size-preload-manager=33554432"
    "memorysetup-temp-allocator-size-nav-mesh-worker=65536"
    "memorysetup-temp-allocator-size-audio-worker=65536"
    "memorysetup-temp-allocator-size-cloud-worker=32768"
    "memorysetup-temp-allocator-size-gi-baking-worker=262144"
    "memorysetup-temp-allocator-size-gfx=262144"
Player connection [14368] Host "[IP] 192.168.1.13 [Port] 0 [Flags] 2 [Guid] 2011544730 [EditorId] 2011544730 [Version] 1048832 [Id] WindowsEditor(7,DESKTOP-IIVDHSD) [Debug] 1 [PackageName] WindowsEditor [ProjectName] Editor" joined multi-casting on [225.0.0.222:54997]...

Player connection [14368] Host "[IP] 192.168.1.13 [Port] 0 [Flags] 2 [Guid] 2011544730 [EditorId] 2011544730 [Version] 1048832 [Id] WindowsEditor(7,DESKTOP-IIVDHSD) [Debug] 1 [PackageName] WindowsEditor [ProjectName] Editor" joined alternative multi-casting on [225.0.0.222:34997]...

Refreshing native plugins compatible for Editor in 118.58 ms, found 4 plugins.
Preloading 0 native plugins for Editor in 0.00 ms.
Initialize engine version: 2021.3.16f1 (4016570cf34f)
[Subsystems] Discovering subsystems at path C:/Program Files/Unity/Hub/Editor/2021.3.16f1/Editor/Data/Resources/UnitySubsystems
[Subsystems] Discovering subsystems at path D:/ty_ha/Documents/Unity Projects/ImageReplication/ImageReplicator/Assets
GfxDevice: creating device client; threaded=0; jobified=0
Direct3D:
    Version:  Direct3D 11.0 [level 11.1]
    Renderer: NVIDIA GeForce RTX 3080 Ti (ID=0x2208)
    Vendor:   NVIDIA
    VRAM:     12100 MB
    Driver:   31.0.15.4601
Initialize mono
Mono path[0] = 'C:/Program Files/Unity/Hub/Editor/2021.3.16f1/Editor/Data/Managed'
Mono path[1] = 'C:/Program Files/Unity/Hub/Editor/2021.3.16f1/Editor/Data/MonoBleedingEdge/lib/mono/unityjit-win32'
Mono config path = 'C:/Program Files/Unity/Hub/Editor/2021.3.16f1/Editor/Data/MonoBleedingEdge/etc'
Using monoOptions --debugger-agent=transport=dt_socket,embedding=1,server=y,suspend=n,address=127.0.0.1:56444
Begin MonoManager ReloadAssembly
Registering precompiled unity dll's ...
Register platform support module: C:/Program Files/Unity/Hub/Editor/2021.3.16f1/Editor/Data/PlaybackEngines/WebGLSupport/UnityEditor.WebGL.Extensions.dll
Register platform support module: C:/Program Files/Unity/Hub/Editor/2021.3.16f1/Editor/Data/PlaybackEngines/WindowsStandaloneSupport/UnityEditor.WindowsStandalone.Extensions.dll
Registered in 0.013201 seconds.
Native extension for WindowsStandalone target not found
Native extension for WebGL target not found
Refreshing native plugins compatible for Editor in 108.62 ms, found 4 plugins.
Preloading 0 native plugins for Editor in 0.00 ms.
Mono: successfully reloaded assembly
- Completed reload, in  0.826 seconds
Domain Reload Profiling:
	ReloadAssembly (826ms)
		BeginReloadAssembly (100ms)
			ExecutionOrderSort (0ms)
			DisableScriptedObjects (0ms)
			BackupInstance (0ms)
			ReleaseScriptingObjects (0ms)
			CreateAndSetChildDomain (1ms)
		EndReloadAssembly (568ms)
			LoadAssemblies (97ms)
			RebuildTransferFunctionScriptingTraits (0ms)
			SetupTypeCache (122ms)
			ReleaseScriptCaches (0ms)
			RebuildScriptCaches (33ms)
			SetupLoadedEditorAssemblies (347ms)
				LogAssemblyErrors (0ms)
				InitializePlatformSupportModulesInManaged (14ms)
				SetLoadedEditorAssemblies (0ms)
				RefreshPlugins (109ms)
				BeforeProcessingInitializeOnLoad (2ms)
				ProcessInitializeOnLoadAttributes (152ms)
				ProcessInitializeOnLoadMethodAttributes (70ms)
				AfterProcessingInitializeOnLoad (0ms)
				EditorAssembliesLoaded (0ms)
			ExecutionOrderSort2 (0ms)
			AwakeInstancesAfterBackupRestoration (0ms)
Platform modules already initialized, skipping
Registering precompiled user dll's ...
Registered in 0.009149 seconds.
Begin MonoManager ReloadAssembly
Symbol file LoadedFromMemory doesn't match image D:\ty_ha\Documents\Unity Projects\ImageReplication\ImageReplicator\Library\PackageCache\com.unity.visualscripting@1.7.8\Editor\VisualScripting.Core\Dependencies\YamlDotNet\Unity.VisualScripting.YamlDotNet.dll
Symbol file LoadedFromMemory doesn't match image D:\ty_ha\Documents\Unity Projects\ImageReplication\ImageReplicator\Library\PackageCache\com.unity.visualscripting@1.7.8\Editor\VisualScripting.Core\Dependencies\DotNetZip\Unity.VisualScripting.IonicZip.dll
Native extension for WindowsStandalone target not found
Native extension for WebGL target not found
Refreshing native plugins compatible for Editor in 107.18 ms, found 4 plugins.
Preloading 0 native plugins for Editor in 0.00 ms.
Mono: successfully reloaded assembly
- Completed reload, in  2.180 seconds
Domain Reload Profiling:
	ReloadAssembly (2181ms)
		BeginReloadAssembly (137ms)
			ExecutionOrderSort (0ms)
			DisableScriptedObjects (8ms)
			BackupInstance (0ms)
			ReleaseScriptingObjects (0ms)
			CreateAndSetChildDomain (20ms)
		EndReloadAssembly (1893ms)
			LoadAssemblies (120ms)
			RebuildTransferFunctionScriptingTraits (0ms)
			SetupTypeCache (281ms)
			ReleaseScriptCaches (1ms)
			RebuildScriptCaches (68ms)
			SetupLoadedEditorAssemblies (1374ms)
				LogAssemblyErrors (0ms)
				InitializePlatformSupportModulesInManaged (9ms)
				SetLoadedEditorAssemblies (0ms)
				RefreshPlugins (107ms)
				BeforeProcessingInitializeOnLoad (124ms)
				ProcessInitializeOnLoadAttributes (358ms)
				ProcessInitializeOnLoadMethodAttributes (762ms)
				AfterProcessingInitializeOnLoad (14ms)
				EditorAssembliesLoaded (0ms)
			ExecutionOrderSort2 (0ms)
			AwakeInstancesAfterBackupRestoration (9ms)
Platform modules already initialized, skipping
========================================================================
Worker process is ready to serve import requests
Launched and connected shader compiler UnityShaderCompiler.exe after 0.05 seconds
Refreshing native plugins compatible for Editor in 0.77 ms, found 4 plugins.
Preloading 0 native plugins for Editor in 0.00 ms.
Unloading 4048 Unused Serialized files (Serialized files now loaded: 0)
Unloading 38 unused Assets / (56.5 KB). Loaded Objects now: 4507.
Memory consumption went from 151.0 MB to 150.9 MB.
Total: 4.191100 ms (FindLiveObjects: 0.544200 ms CreateObjectMapping: 0.146300 ms MarkObjects: 3.410700 ms  DeleteObjects: 0.088900 ms)

AssetImportParameters requested are different than current active one (requested -> active):
  custom:video-decoder-ogg-theora: a1e56fd34408186e4bbccfd4996cb3dc -> 
  custom:container-muxer-webm: aa71ff27fc2769a1b78a27578f13a17b -> 
  custom:container-demuxer-webm: 4f35f7cbe854078d1ac9338744f61a02 -> 
  custom:video-encoder-webm-vp8: eb34c28f22e8b96e1ab97ce403110664 -> 
  custom:audio-encoder-webm-vorbis: bf7c407c2cedff20999df2af8eb42d56 -> 
  custom:framework-win-MediaFoundation: 216162199b28c13a410421893ffa2e32 -> 
  custom:container-demuxer-ogg: 62fdf1f143b41e24485cea50d1cbac27 -> 
  custom:video-decoder-webm-vp8: 9c59270c3fd7afecdb556c50c9e8de78 -> 
  custom:audio-decoder-ogg-vorbis: bf7c407c2cedff20999df2af8eb42d56 -> 
========================================================================
Received Import Request.
  Time since last request: 27011.376000 seconds.
  path: Assets/ReplicationProgressSaves/SaveFour.prefab
  artifactKey: Guid(255415970a835404790c600eabcd43b4) Importer(815301076,1909f56bfc062723c751e8b465ee728b)
Start importing Assets/ReplicationProgressSaves/SaveFour.prefab using Guid(255415970a835404790c600eabcd43b4) Importer(815301076,1909f56bfc062723c751e8b465ee728b)  -> (artifact id: '839e24cec05be19d0ed2e036f9a5b5f3') in 0.200079 seconds 
========================================================================
Received Import Request.
  Time since last request: 128.372845 seconds.
  path: Assets/ReplicationProgressSaves/RepObjectParent.prefab
  artifactKey: Guid(8c2b727be0536d84597544ba5d08c6be) Importer(815301076,1909f56bfc062723c751e8b465ee728b)
Start importing Assets/ReplicationProgressSaves/RepObjectParent.prefab using Guid(8c2b727be0536d84597544ba5d08c6be) Importer(815301076,1909f56bfc062723c751e8b465ee728b)  -> (artifact id: '3620aba72d0030994bf6bcadb4b9f09c') in 0.043357 seconds 
========================================================================
Received Import Request.
  Time since last request: 5.150088 seconds.
  path: Assets/ReplicationProgressSaves/SaveFour.prefab
  artifactKey: Guid(8c2b727be0536d84597544ba5d08c6be) Importer(815301076,1909f56bfc062723c751e8b465ee728b)
Start importing Assets/ReplicationProgressSaves/SaveFour.prefab using Guid(8c2b727be0536d84597544ba5d08c6be) Importer(815301076,1909f56bfc062723c751e8b465ee728b)  -> (artifact id: 'f5123b5d722a44e9d42ef4f03f4a2021') in 0.037446 seconds 
========================================================================
Received Import Request.
  Time since last request: 854.372734 seconds.
  path: Assets/ReplicationObject/Obj1.prefab
  artifactKey: Guid(320a0c196f9db440f8e04bae332f1b59) Importer(815301076,1909f56bfc062723c751e8b465ee728b)
Start importing Assets/ReplicationObject/Obj1.prefab using Guid(320a0c196f9db440f8e04bae332f1b59) Importer(815301076,1909f56bfc062723c751e8b465ee728b)  -> (artifact id: '96837d41b79061fe975e04f6ef903e5a') in 0.039827 seconds 
========================================================================
Received Import Request.
  Time since last request: 6.734917 seconds.
  path: Assets/Scenes/New Material.mat
  artifactKey: Guid(64c13ff033e884682ac8986a5146580a) Importer(815301076,1909f56bfc062723c751e8b465ee728b)
Start importing Assets/Scenes/New Material.mat using Guid(64c13ff033e884682ac8986a5146580a) Importer(815301076,1909f56bfc062723c751e8b465ee728b)  -> (artifact id: 'f19677a44244614500273610b4d7f915') in 0.062790 seconds 
========================================================================
Received Import Request.
  Time since last request: 22.918562 seconds.
  path: Assets/Scripts
  artifactKey: Guid(27961d5a104bb4d6c84c3b3e0d030d8f) Importer(815301076,1909f56bfc062723c751e8b465ee728b)
Start importing Assets/Scripts using Guid(27961d5a104bb4d6c84c3b3e0d030d8f) Importer(815301076,1909f56bfc062723c751e8b465ee728b)  -> (artifact id: 'f367f323526b88ab99d8142ed6284e42') in 0.034389 seconds 
========================================================================
Received Import Request.
  Time since last request: 13.796615 seconds.
  path: Assets/Scripts/(OBSOLETE) Old Gen
  artifactKey: Guid(1b2f83f4e4a919e42be8d61062aff262) Importer(815301076,1909f56bfc062723c751e8b465ee728b)
Start importing Assets/Scripts/(OBSOLETE) Old Gen using Guid(1b2f83f4e4a919e42be8d61062aff262) Importer(815301076,1909f56bfc062723c751e8b465ee728b)  -> (artifact id: '0e91ba2444c7f90d9daa175753037c01') in 0.006608 seconds 
========================================================================
Received Import Request.
  Time since last request: 2.241934 seconds.
  path: Assets/Scripts/ScoredObject.cs
  artifactKey: Guid(7869c07698ca14b199aa7a4d8e1e2b15) Importer(815301076,1909f56bfc062723c751e8b465ee728b)
Start importing Assets/Scripts/ScoredObject.cs using Guid(7869c07698ca14b199aa7a4d8e1e2b15) Importer(815301076,1909f56bfc062723c751e8b465ee728b)  -> (artifact id: 'b9810cbbc1b2aec632c2ef4ac473a012') in 0.024646 seconds 
========================================================================
Received Import Request.
  Time since last request: 1.073360 seconds.
  path: Assets/Scripts/MainGenerator.cs
  artifactKey: Guid(3715a5c0f4801447f86abd939f098f78) Importer(815301076,1909f56bfc062723c751e8b465ee728b)
Start importing Assets/Scripts/MainGenerator.cs using Guid(3715a5c0f4801447f86abd939f098f78) Importer(815301076,1909f56bfc062723c751e8b465ee728b)  -> (artifact id: 'fd71aa24cb007e29cb2f9b4974253d95') in 0.009220 seconds 
========================================================================
Received Import Request.
  Time since last request: 2.366975 seconds.
  path: Assets/Scripts/NewApproach
  artifactKey: Guid(9a8e5f1f63cfa44e9a039c8b0f8aa613) Importer(815301076,1909f56bfc062723c751e8b465ee728b)
Start importing Assets/Scripts/NewApproach using Guid(9a8e5f1f63cfa44e9a039c8b0f8aa613) Importer(815301076,1909f56bfc062723c751e8b465ee728b)  -> (artifact id: '0524e77602a87ab2ab1609d6434dfb39') in 0.010621 seconds 
========================================================================
Received Prepare
Registering precompiled user dll's ...
Registered in 0.007520 seconds.
Begin MonoManager ReloadAssembly
Symbol file LoadedFromMemory doesn't match image D:\ty_ha\Documents\Unity Projects\ImageReplication\ImageReplicator\Library\PackageCache\com.unity.visualscripting@1.7.8\Editor\VisualScripting.Core\Dependencies\YamlDotNet\Unity.VisualScripting.YamlDotNet.dll
Symbol file LoadedFromMemory doesn't match image D:\ty_ha\Documents\Unity Projects\ImageReplication\ImageReplicator\Library\PackageCache\com.unity.visualscripting@1.7.8\Editor\VisualScripting.Core\Dependencies\DotNetZip\Unity.VisualScripting.IonicZip.dll
Native extension for WindowsStandalone target not found
Native extension for WebGL target not found
Refreshing native plugins compatible for Editor in 0.67 ms, found 4 plugins.
Preloading 0 native plugins for Editor in 0.00 ms.
Mono: successfully reloaded assembly
- Completed reload, in  1.069 seconds
Domain Reload Profiling:
	ReloadAssembly (1069ms)
		BeginReloadAssembly (123ms)
			ExecutionOrderSort (0ms)
			DisableScriptedObjects (6ms)
			BackupInstance (0ms)
			ReleaseScriptingObjects (0ms)
			CreateAndSetChildDomain (32ms)
		EndReloadAssembly (834ms)
			LoadAssemblies (97ms)
			RebuildTransferFunctionScriptingTraits (0ms)
			SetupTypeCache (247ms)
			ReleaseScriptCaches (2ms)
			RebuildScriptCaches (50ms)
			SetupLoadedEditorAssemblies (383ms)
				LogAssemblyErrors (0ms)
				InitializePlatformSupportModulesInManaged (16ms)
				SetLoadedEditorAssemblies (0ms)
				RefreshPlugins (1ms)
				BeforeProcessingInitializeOnLoad (85ms)
				ProcessInitializeOnLoadAttributes (225ms)
				ProcessInitializeOnLoadMethodAttributes (43ms)
				AfterProcessingInitializeOnLoad (12ms)
				EditorAssembliesLoaded (0ms)
			ExecutionOrderSort2 (0ms)
			AwakeInstancesAfterBackupRestoration (10ms)
Platform modules already initialized, skipping
Refreshing native plugins compatible for Editor in 2.74 ms, found 4 plugins.
Preloading 0 native plugins for Editor in 0.00 ms.
Unloading 4037 Unused Serialized files (Serialized files now loaded: 0)
Unloading 25 unused Assets / (24.7 KB). Loaded Objects now: 4551.
Memory consumption went from 155.6 MB to 155.6 MB.
Total: 3.027000 ms (FindLiveObjects: 0.411200 ms CreateObjectMapping: 0.102100 ms MarkObjects: 2.484000 ms  DeleteObjects: 0.028500 ms)

AssetImportParameters requested are different than current active one (requested -> active):
  custom:video-decoder-ogg-theora: a1e56fd34408186e4bbccfd4996cb3dc -> 
  custom:container-muxer-webm: aa71ff27fc2769a1b78a27578f13a17b -> 
  custom:container-demuxer-webm: 4f35f7cbe854078d1ac9338744f61a02 -> 
  custom:video-encoder-webm-vp8: eb34c28f22e8b96e1ab97ce403110664 -> 
  custom:audio-encoder-webm-vorbis: bf7c407c2cedff20999df2af8eb42d56 -> 
  custom:framework-win-MediaFoundation: 216162199b28c13a410421893ffa2e32 -> 
  custom:container-demuxer-ogg: 62fdf1f143b41e24485cea50d1cbac27 -> 
  custom:video-decoder-webm-vp8: 9c59270c3fd7afecdb556c50c9e8de78 -> 
  custom:audio-decoder-ogg-vorbis: bf7c407c2cedff20999df2af8eb42d56 -> 
========================================================================
Received Prepare
Registering precompiled user dll's ...
Registered in 0.007509 seconds.
Begin MonoManager ReloadAssembly
Symbol file LoadedFromMemory doesn't match image D:\ty_ha\Documents\Unity Projects\ImageReplication\ImageReplicator\Library\PackageCache\com.unity.visualscripting@1.7.8\Editor\VisualScripting.Core\Dependencies\YamlDotNet\Unity.VisualScripting.YamlDotNet.dll
Symbol file LoadedFromMemory doesn't match image D:\ty_ha\Documents\Unity Projects\ImageReplication\ImageReplicator\Library\PackageCache\com.unity.visualscripting@1.7.8\Editor\VisualScripting.Core\Dependencies\DotNetZip\Unity.VisualScripting.IonicZip.dll
Native extension for WindowsStandalone target not found
Native extension for WebGL target not found
Refreshing native plugins compatible for Editor in 0.68 ms, found 4 plugins.
Preloading 0 native plugins for Editor in 0.00 ms.
Mono: successfully reloaded assembly
- Completed reload, in  1.086 seconds
Domain Reload Profiling:
	ReloadAssembly (1087ms)
		BeginReloadAssembly (143ms)
			ExecutionOrderSort (0ms)
			DisableScriptedObjects (8ms)
			BackupInstance (0ms)
			ReleaseScriptingObjects (0ms)
			CreateAndSetChildDomain (35ms)
		EndReloadAssembly (833ms)
			LoadAssemblies (112ms)
			RebuildTransferFunctionScriptingTraits (0ms)
			SetupTypeCache (248ms)
			ReleaseScriptCaches (1ms)
			RebuildScriptCaches (48ms)
			SetupLoadedEditorAssemblies (380ms)
				LogAssemblyErrors (0ms)
				InitializePlatformSupportModulesInManaged (17ms)
				SetLoadedEditorAssemblies (1ms)
				RefreshPlugins (1ms)
				BeforeProcessingInitializeOnLoad (84ms)
				ProcessInitializeOnLoadAttributes (224ms)
				ProcessInitializeOnLoadMethodAttributes (40ms)
				AfterProcessingInitializeOnLoad (12ms)
				EditorAssembliesLoaded (0ms)
			ExecutionOrderSort2 (0ms)
			AwakeInstancesAfterBackupRestoration (11ms)
Platform modules already initialized, skipping
Refreshing native plugins compatible for Editor in 2.45 ms, found 4 plugins.
Preloading 0 native plugins for Editor in 0.00 ms.
Unloading 4037 Unused Serialized files (Serialized files now loaded: 0)
Unloading 25 unused Assets / (24.7 KB). Loaded Objects now: 4554.
Memory consumption went from 155.6 MB to 155.6 MB.
Total: 3.216600 ms (FindLiveObjects: 0.375700 ms CreateObjectMapping: 0.104700 ms MarkObjects: 2.710500 ms  DeleteObjects: 0.024300 ms)

AssetImportParameters requested are different than current active one (requested -> active):
  custom:video-decoder-ogg-theora: a1e56fd34408186e4bbccfd4996cb3dc -> 
  custom:container-muxer-webm: aa71ff27fc2769a1b78a27578f13a17b -> 
  custom:container-demuxer-webm: 4f35f7cbe854078d1ac9338744f61a02 -> 
  custom:video-encoder-webm-vp8: eb34c28f22e8b96e1ab97ce403110664 -> 
  custom:audio-encoder-webm-vorbis: bf7c407c2cedff20999df2af8eb42d56 -> 
  custom:framework-win-MediaFoundation: 216162199b28c13a410421893ffa2e32 -> 
  custom:container-demuxer-ogg: 62fdf1f143b41e24485cea50d1cbac27 -> 
  custom:video-decoder-webm-vp8: 9c59270c3fd7afecdb556c50c9e8de78 -> 
  custom:audio-decoder-ogg-vorbis: bf7c407c2cedff20999df2af8eb42d56 -> 
========================================================================
Received Import Request.
  Time since last request: 15.580867 seconds.
  path: Assets/Scenes/ImageReplicator.unity
  artifactKey: Guid(2cda990e2423bbf4892e6590ba056729) Importer(815301076,1909f56bfc062723c751e8b465ee728b)
Start importing Assets/Scenes/ImageReplicator.unity using Guid(2cda990e2423bbf4892e6590ba056729) Importer(815301076,1909f56bfc062723c751e8b465ee728b)  -> (artifact id: 'f571ec0369259ed9ebbabf4bd1111b9b') in 0.018521 seconds 
========================================================================
Received Import Request.
  Time since last request: 5.182681 seconds.
  path: Assets/Scenes/OldGen.unity
  artifactKey: Guid(2cda990e2423bbf4892e6590ba056729) Importer(815301076,1909f56bfc062723c751e8b465ee728b)
Start importing Assets/Scenes/OldGen.unity using Guid(2cda990e2423bbf4892e6590ba056729) Importer(815301076,1909f56bfc062723c751e8b465ee728b)  -> (artifact id: '24e546b12f8035d214c96bfd7c52a25e') in 0.007209 seconds 
========================================================================
Received Import Request.
  Time since last request: 35.912656 seconds.
  path: Assets/Scripts/_NewGen/ImageReplicationGenerator.cs
  artifactKey: Guid(6a3d29f145bc544058df6a21e377890e) Importer(815301076,1909f56bfc062723c751e8b465ee728b)
Start importing Assets/Scripts/_NewGen/ImageReplicationGenerator.cs using Guid(6a3d29f145bc544058df6a21e377890e) Importer(815301076,1909f56bfc062723c751e8b465ee728b)  -> (artifact id: 'd00cd230fddc20a47e59657d29c6758f') in 0.010709 seconds 
